gcc.exe : c:/mingw/bin/../lib/gcc/mingw32/6.3.0/../../.
./../mingw32/bin/ld.exe: warning: cannot find entry 
symbol mainCRTStartup; defaulting to 00401000
At line:20 char:1
+ & gcc @args 2>&1 | Tee-Object build\build_output.txt
+ ~~~~~~~~~~~~~~~~
    + CategoryInfo          : NotSpecified: (c:/mingw/ 
   bin/.....ing to 00401000:String) [], RemoteExcepti  
  on
    + FullyQualifiedErrorId : NativeCommandError
 
c:/mingw/bin/../lib/gcc/mingw32/6.3.0/../../../libmingw
32.a(main.o):(.text.startup+0xa0): undefined reference 
to `WinMain@16'
collect2.exe: error: ld returned 1 exit status
